/Users/joemeyer/Desktop/RIT/SWEN/team-project-2221-swen-261-07-f-joe-sos/estore-api/src/test/java/com/estore/api/estoreapi/ReviewsControllerTests.java
/Users/joemeyer/Desktop/RIT/SWEN/team-project-2221-swen-261-07-f-joe-sos/estore-api/src/test/java/com/estore/api/estoreapi/ReviewsTest.java
/Users/joemeyer/Desktop/RIT/SWEN/team-project-2221-swen-261-07-f-joe-sos/estore-api/src/test/java/com/estore/api/estoreapi/CartFileControllerTests.java
/Users/joemeyer/Desktop/RIT/SWEN/team-project-2221-swen-261-07-f-joe-sos/estore-api/src/test/java/com/estore/api/estoreapi/CheckoutControllerTests.java
/Users/joemeyer/Desktop/RIT/SWEN/team-project-2221-swen-261-07-f-joe-sos/estore-api/src/test/java/com/estore/api/estoreapi/EstoreApiApplicationTests.java
/Users/joemeyer/Desktop/RIT/SWEN/team-project-2221-swen-261-07-f-joe-sos/estore-api/src/test/java/com/estore/api/estoreapi/ProductTest.java
/Users/joemeyer/Desktop/RIT/SWEN/team-project-2221-swen-261-07-f-joe-sos/estore-api/src/test/java/com/estore/api/estoreapi/ProductControllerTests.java
/Users/joemeyer/Desktop/RIT/SWEN/team-project-2221-swen-261-07-f-joe-sos/estore-api/src/test/java/com/estore/api/estoreapi/InventoryFileDAOTest.java
/Users/joemeyer/Desktop/RIT/SWEN/team-project-2221-swen-261-07-f-joe-sos/estore-api/src/test/java/com/estore/api/estoreapi/ReviewsDAOTest.java
